******************************************************************************
                  TI ARM Linker PC v18.1.4                     
******************************************************************************
>> Linked Sun Jan 20 21:47:32 2019

OUTPUT FILE NAME:   <Edu.out>
ENTRY POINT SYMBOL: "_c_int00"  address: 000045d1


MEMORY CONFIGURATION

         name            origin    length      used     unused   attr    fill
----------------------  --------  ---------  --------  --------  ----  --------
  FLASH                 00000000   00100000  000088b8  000f7748  R  X
  SRAM                  20000000   00040000  00001b26  0003e4da  RW X


SEGMENT ALLOCATION MAP

run origin  load origin   length   init length attrs members
----------  ----------- ---------- ----------- ----- -------
00000000    00000000    000088c0   000088c0    r-x
  00000000    00000000    0000003c   0000003c    r-- .resetVecs
  00000040    00000040    0000649a   0000649a    r-x .text
  000064dc    000064dc    000021d2   000021d2    r-- .const
  000086b0    000086b0    00000210   00000210    r-- .cinit
20000000    20000000    00000360   00000000    rw-
  20000000    20000000    00000360   00000000    rw- .vecs
20000400    20000400    000017c8   00000000    rw-
  20000400    20000400    00001084   00000000    rw- .bss
  20001484    20001484    00000442   00000000    rw- .data
  200018c8    200018c8    00000300   00000000    rw- .stack


SECTION ALLOCATION MAP

 output                                  attributes/
section   page    origin      length       input sections
--------  ----  ----------  ----------   ----------------
.text      0    00000040    0000649a     
                  00000040    00000430     sysbios.aem4f : BIOS.obj (.text:ti_sysbios_family_arm_m3_Hwi_excDumpRegs__I)
                  00000470    0000034c     ti.targets.arm.rtsarm.aem4f : System.oem4f (.text:xdc_runtime_System_doPrint__I)
                  000007bc    00000004     driverlib.lib : ssi.obj (.text:SSIIntClear)
                  000007c0    000002d0     sysbios.aem4f : BIOS.obj (.text:ti_sysbios_knl_Semaphore_pend__E)
                  00000a90    0000026c                   : BIOS.obj (.text:ti_sysbios_heaps_HeapMem_free__E)
                  00000cfc    00000004     rtsv7M4_T_le_v4SPD16_eabi.lib : exit.c.obj (.text:abort:abort)
                  00000d00    00000250     sysbios.aem4f : BIOS.obj (.text:ti_sysbios_heaps_HeapMem_alloc__E)
                  00000f50    00000234                   : BIOS.obj (.text:ti_sysbios_knl_Task_Instance_finalize__E)
                  00001184    00000204     Boot.aem4f : Boot_sysctl.oem4f (.text:ti_catalog_arm_cortexm4_tiva_ce_Boot_sysCtlClockFreqSetI__I)
                  00001388    000001fc     sysbios.aem4f : BIOS.obj (.text:ti_sysbios_family_arm_m3_Hwi_excHandlerMax__I)
                  00001584    00000004     edu_pem4f.oem4f (.text:ti_sysbios_BIOS_RtsGateProxy_enter__E)
                  00001588    000001f0     sysbios.aem4f : BIOS.obj (.text:ti_sysbios_knl_Task_sleep__E)
                  00001778    000001c0                   : BIOS.obj (.text:ti_sysbios_knl_Task_Instance_init__E)
                  00001938    00000174                   : BIOS.obj (.text:ti_sysbios_family_arm_m3_Hwi_excBusFault__I)
                  00001aac    00000170     drivers_tivaware.aem4f : PWMTiva.oem4f (.text:PWMTiva_open)
                  00001c1c    00000004     edu_pem4f.oem4f (.text:ti_sysbios_BIOS_RtsGateProxy_leave__E)
                  00001c20    00000164     sysbios.aem4f : BIOS.obj (.text:ti_sysbios_family_arm_m3_Hwi_excUsageFault__I)
                  00001d84    00000150     drivers_tivaware.aem4f : GPIOTiva.oem4f (.text:GPIO_setConfig)
                  00001ed4    00000004     sysbios.aem4f : BIOS.obj (.text:ti_sysbios_family_arm_lm4_Timer_masterEnable__I)
                  00001ed8    00000148                   : BIOS.obj (.text:ti_sysbios_family_arm_m3_Hwi_excMemFault__I)
                  00002020    0000013c                   : BIOS.obj (.text:ti_sysbios_heaps_HeapMem_Instance_init__E)
                  0000215c    00000004     edu_pem4f.oem4f (.text:ti_sysbios_family_arm_m3_Hwi_destruct)
                  00002160    00000134     sysbios.aem4f : BIOS.obj (.text:ti_sysbios_family_arm_lm4_Timer_start__E)
                  00002294    00000130     driverlib.lib : gpio.obj (.text:GPIOPadConfigSet)
                  000023c4    00000118     ti.targets.arm.rtsarm.aem4f : Error.oem4f (.text:xdc_runtime_Error_policyDefault__E)
                  000024dc    00000100                                 : Core-mem.oem4f (.text:xdc_runtime_Core_createObject__I)
                  000025dc    000000f8                                 : Startup.oem4f (.text:xdc_runtime_Startup_startMods__I)
                  000026d4    000000f8     edu_pem4f.oem4f (.text:xdc_runtime_System_printfExtend__I)
                  000027cc    000000f4     sysbios.aem4f : m3_Hwi_asm.obj (.text:ti_sysbios_family_arm_m3_Hwi_dispatch__I)
                  000028c0    000000f0     drivers_tivaware.aem4f : PWMTiva.oem4f (.text:PWMTiva_setDuty)
                  000029b0    000000ec     sysbios.aem4f : BIOS.obj (.text:ti_sysbios_knl_Semaphore_post__E)
                  00002a9c    000000d8     drivers_tivaware.aem4f : SPITivaDMA.oem4f (.text:SPITivaDMA_open)
                  00002b74    000000cc     ti.targets.arm.rtsarm.aem4f : Core-smem.oem4f (.text:xdc_runtime_Core_constructObject__I)
                  00002c40    000000c0     drivers_tivaware.aem4f : SPITivaDMA.oem4f (.text:SPITivaDMA_configDMA)
                  00002d00    000000bc     sysbios.aem4f : BIOS.obj (.text:ti_sysbios_family_arm_m3_Hwi_excDebugMon__I)
                  00002dbc    00000004     edu_pem4f.oem4f (.text:ti_sysbios_family_arm_m3_TaskSupport_Module__startupDone__S)
                  00002dc0    000000bc     sysbios.aem4f : BIOS.obj (.text:ti_sysbios_family_arm_m3_Hwi_excHardFault__I)
                  00002e7c    000000b8     Config.obj (.text:EK_TM4C1294XL_initGeneral)
                  00002f34    00000004     edu_pem4f.oem4f (.text:ti_sysbios_heaps_HeapMem_Module_GateProxy_enter__E)
                  00002f38    000000b4     sysbios.aem4f : BIOS.obj (.text:ti_sysbios_gates_GateMutex_enter__E)
                  00002fec    00000004     edu_pem4f.oem4f (.text:ti_sysbios_heaps_HeapMem_Module_GateProxy_leave__E)
                  00002ff0    000000b4     sysbios.aem4f : BIOS.obj (.text:ti_sysbios_knl_Task_checkStacks__E)
                  000030a4    00000004     edu_pem4f.oem4f (.text:ti_sysbios_knl_Clock_TimerProxy_getMaxTicks__E)
                  000030a8    000000ac     sysbios.aem4f : BIOS.obj (.text:ti_sysbios_family_arm_lm4_Timer_enableTiva__I)
                  00003154    00000004     edu_pem4f.oem4f (.text:ti_sysbios_knl_Queue_destruct)
                  00003158    000000a8     sysbios.aem4f : BIOS.obj (.text:ti_sysbios_family_arm_lm4_Timer_enableTimers__I)
                  00003200    000000a8                   : BIOS.obj (.text:ti_sysbios_knl_Task_postInit__I)
                  000032a8    000000a4     drivers_tivaware.aem4f : SPITivaDMA.oem4f (.text:SPITivaDMA_initHw)
                  0000334c    000000a0     auto_init.aem4f : auto_init.oem4f (.text)
                  000033ec    000000a0     ti.targets.arm.rtsarm.aem4f : Text.oem4f (.text:xdc_runtime_Text_putMod__E)
                  0000348c    0000009c     rtsv7M4_T_le_v4SPD16_eabi.lib : memcpy_t2.asm.obj (.text)
                  00003528    0000009c     sysbios.aem4f : BIOS.obj (.text:ti_sysbios_knl_Semaphore_Instance_init__E)
                  000035c4    0000009a     ti.targets.arm.rtsarm.aem4f : Text.oem4f (.text:xdc_runtime_Text_putSite__E)
                  0000365e    00000002     drivers_tivaware.aem4f : SPITivaDMA.oem4f (.text:SPITivaDMA_serviceISR)
                  00003660    00000098     Boot.aem4f : Boot.oem4f (.text:ti_catalog_arm_cortexm4_tiva_ce_Boot_sysCtlClockFreqSet__E)
                  000036f8    00000094     sysbios.aem4f : BIOS.obj (.text:ti_sysbios_family_arm_m3_Hwi_Instance_init__E)
                  0000378c    00000004     edu_pem4f.oem4f (.text:ti_sysbios_knl_Semaphore_destruct)
                  00003790    00000094     sysbios.aem4f : BIOS.obj (.text:ti_sysbios_family_arm_m3_Hwi_initNVIC__E)
                  00003824    0000008c     drivers_tivaware.aem4f : GPIOTiva.oem4f (.text:GPIO_init)
                  000038b0    0000008c     sysbios.aem4f : m3_TaskSupport_asm.obj (.text:ti_sysbios_family_arm_m3_TaskSupport_buildTaskStack)
                  0000393c    00000088     Config.obj (.text:EK_TM4C1294XL_initDMA)
                  000039c4    00000088     drivers_tivaware.aem4f : PWMTiva.oem4f (.text:PWMTiva_control)
                  00003a4c    00000004     ti.targets.arm.rtsarm.aem4f : Error.oem4f (.text:xdc_runtime_Error_getSite__E)
                  00003a50    00000084     sysbios.aem4f : BIOS.obj (.text:ti_sysbios_family_arm_m3_Hwi_postInit__I)
                  00003ad4    00000084     driverlib.lib : udma.obj (.text:uDMAChannelTransferSet)
                  00003b58    0000007a                   : adc.obj (.text:ADCSequenceStepConfigure)
                  00003bd2    0000007a     rtsv7M4_T_le_v4SPD16_eabi.lib : memset_t2.asm.obj (.text)
                  00003c4c    00000004     edu_pem4f.oem4f (.text:xdc_runtime_System_Module_GateProxy_enter__E)
                  00003c50    00000070     sysbios.aem4f : BIOS.obj (.text:ti_sysbios_knl_Clock_workFunc__E)
                  00003cc0    00000070                   : BIOS.obj (.text:ti_sysbios_knl_Task_exit__E)
                  00003d30    0000006d     ti.targets.arm.rtsarm.aem4f : System.oem4f (.text:xdc_runtime_System_formatNum__I)
                  00003d9d    00000001     --HOLE-- [fill = 0]
                  00003d9e    00000002     rtsv7M4_T_le_v4SPD16_eabi.lib : _lock.c.obj (.text:_nop)
                  00003da0    0000006c     sysbios.aem4f : BIOS.obj (.text:ti_sysbios_knl_Swi_restoreHwi__E)
                  00003e0c    0000006c     ti.targets.arm.rtsarm.aem4f : Error.oem4f (.text:xdc_runtime_Error_print__E)
                  00003e78    0000006c                                 : Memory.oem4f (.text:xdc_runtime_Memory_alloc__E)
                  00003ee4    0000006a     drivers_tivaware.aem4f : PWMTiva.oem4f (.text:PWMTiva_close)
                  00003f4e    00000068     rtsv7M4_T_le_v4SPD16_eabi.lib : copy_decompress_lzss.c.obj (.text:decompress:lzss:__TI_decompress_lzss)
                  00003fb6    00000066     ti.targets.arm.rtsarm.aem4f : Core-mem.oem4f (.text:xdc_runtime_Core_deleteObject__I)
                  0000401c    00000064     Buzzer.obj (.text:Buzzer_init)
                  00004080    00000064     Config.obj (.text:Edu_initADC)
                  000040e4    00000064     drivers_tivaware.aem4f : GPIOTiva.oem4f (.text:GPIO_hwiIntFxn)
                  00004148    00000064     sysbios.aem4f : BIOS.obj (.text:ti_sysbios_family_arm_lm4_Timer_Module_startup__E)
                  000041ac    00000064     edu_pem4f.oem4f (.text:ti_sysbios_family_arm_m3_Hwi_create)
                  00004210    00000064     sysbios.aem4f : BIOS.obj (.text:ti_sysbios_family_arm_m3_Hwi_dispatchC__I)
                  00004274    00000062     drivers_tivaware.aem4f : SPITivaDMA.oem4f (.text:SPITivaDMA_transfer)
                  000042d6    00000002     rtsv7M4_T_le_v4SPD16_eabi.lib : div0.asm.obj (.text)
                  000042d8    00000060     sysbios.aem4f : BIOS.obj (.text:ti_sysbios_family_arm_lm4_Timer_isrStub__E)
                  00004338    00000060                   : BIOS.obj (.text:ti_sysbios_knl_Task_schedule__I)
                  00004398    0000005c     main.obj (.text:heartBeatFxn)
                  000043f4    00000004     edu_pem4f.oem4f (.text:xdc_runtime_System_Module_GateProxy_leave__E)
                  000043f8    0000005c     sysbios.aem4f : BIOS.obj (.text:ti_sysbios_knl_Swi_run__I)
                  00004454    00000004     ti.targets.arm.rtsarm.aem4f : System.oem4f (.text:xdc_runtime_System_aprintf_va__F)
                  00004458    0000005c     sysbios.aem4f : BIOS.obj (.text:ti_sysbios_knl_Swi_schedule__I)
                  000044b4    00000004     ti.targets.arm.rtsarm.aem4f : System.oem4f (.text:xdc_runtime_System_printf_va__F)
                  000044b8    0000005c     sysbios.aem4f : BIOS.obj (.text:ti_sysbios_knl_Task_Module_startup__E)
                  00004514    00000002     edu_pem4f.oem4f (.text:ti_sysbios_BIOS_nullFunc__I)
                  00004516    00000002     edu_pem4f.oem4f (.text:xdc_runtime_Startup_reset__I)
                  00004518    0000005c     sysbios.aem4f : BIOS.obj (.text:ti_sysbios_knl_Task_startCore__E)
                  00004574    0000005b     ti.targets.arm.rtsarm.aem4f : Text.oem4f (.text:xdc_runtime_Text_putLab__E)
                  000045cf    00000001     --HOLE-- [fill = 0]
                  000045d0    00000058     boot.aem4f : boot.oem4f (.text)
                  00004628    00000058     rtsv7M4_T_le_v4SPD16_eabi.lib : hostwrite.c.obj (.text:HOSTwrite)
                  00004680    00000058     edu_pem4f.oem4f (.text:ti_sysbios_family_arm_m3_Hwi_construct)
                  000046d8    00000058     sysbios.aem4f : m3_Hwi_asm_switch.obj (.text:ti_sysbios_family_arm_m3_Hwi_initStacks__E)
                  00004730    00000056     driverlib.lib : gpio.obj (.text:GPIOIntTypeSet)
                  00004786    00000002     --HOLE-- [fill = 0]
                  00004788    00000054     edu_pem4f.oem4f (.text:ti_sysbios_knl_Task_construct)
                  000047dc    00000054     ti.targets.arm.rtsarm.aem4f : Assert.oem4f (.text:xdc_runtime_Assert_raise__I)
                  00004830    00000050     drivers_tivaware.aem4f : GPIOTiva.oem4f (.text:GPIO_setCallback)
                  00004880    00000050     driverlib.lib : sysctl.obj (.text:SysCtlPeripheralReset)
                  000048d0    00000050     Boot.aem4f : Boot_sysctl.oem4f (.text:_SysCtlFrequencyGet)
                  00004920    00000050     sysbios.aem4f : BIOS.obj (.text:ti_sysbios_family_arm_m3_Hwi_Module_startup__E)
                  00004970    00000050     ti.targets.arm.rtsarm.aem4f : Startup.oem4f (.text:xdc_runtime_Startup_exec__E)
                  000049c0    00000050                                 : Text.oem4f (.text:xdc_runtime_Text_visitRope2__I)
                  00004a10    0000004c     Config.obj (.text:EK_TM4C1294XL_initSPI)
                  00004a5c    0000004c     rtsv7M4_T_le_v4SPD16_eabi.lib : cpy_tbl.c.obj (.text:copy_in)
                  00004aa8    0000004c     sysbios.aem4f : BIOS.obj (.text:ti_sysbios_heaps_HeapMem_getStats__E)
                  00004af4    00000004     --HOLE-- [fill = 0]
                  00004af8    0000004c                   : BIOS.obj (.text:ti_sysbios_knl_Swi_runLoop__I)
                  00004b44    00000004     --HOLE-- [fill = 0]
                  00004b48    0000004c                   : BIOS.obj (.text:ti_sysbios_knl_Task_allBlockedFunction__I)
                  00004b94    00000048     driverlib.lib : gpio.obj (.text:GPIOPinConfigure)
                  00004bdc    00000004     --HOLE-- [fill = 0]
                  00004be0    00000048     sysbios.aem4f : BIOS.obj (.text:ti_sysbios_family_arm_m3_Hwi_disableInterrupt__E)
                  00004c28    00000048                   : BIOS.obj (.text:ti_sysbios_family_arm_m3_Hwi_enableInterrupt__E)
                  00004c70    00000048                   : BIOS.obj (.text:ti_sysbios_family_arm_m3_Hwi_excReserved__I)
                  00004cb8    00000046     ti.targets.arm.rtsarm.aem4f : Core-params.oem4f (.text:xdc_runtime_Core_assignParams__I)
                  00004cfe    00000044     drivers_tivaware.aem4f : SPITivaDMA.oem4f (.text:SPITivaDMA_hwiFxn)
                  00004d42    00000002     --HOLE-- [fill = 0]
                  00004d44    00000044     main.obj (.text:main)
                  00004d88    00000044     sysbios.aem4f : BIOS.obj (.text:ti_sysbios_family_arm_m3_Hwi_getStackInfo__E)
                  00004dcc    00000004     --HOLE-- [fill = 0]
                  00004dd0    00000044                   : BIOS.obj (.text:ti_sysbios_knl_Swi_post__E)
                  00004e14    00000044     ti.targets.arm.rtsarm.aem4f : Error.oem4f (.text:xdc_runtime_Error_setX__E)
                  00004e58    00000044                                 : SysMin.oem4f (.text:xdc_runtime_SysMin_flush__E)
                  00004e9c    00000044                                 : Text.oem4f (.text:xdc_runtime_Text_xprintf__I)
                  00004ee0    00000042     drivers_tivaware.aem4f : SPITivaDMA.oem4f (.text:SPITivaDMA_transferCancel)
                  00004f22    00000040     rtsv7M4_T_le_v4SPD16_eabi.lib : u_divt2.asm.obj (.text)
                  00004f62    00000006     driverlib.lib : gpio.obj (.text:GPIOIntClear)
                  00004f68    00000040     sysbios.aem4f : BIOS.obj (.text:ti_sysbios_family_arm_lm4_Timer_startup__E)
                  00004fa8    0000003e     driverlib.lib : adc.obj (.text:ADCSequenceConfigure)
                  00004fe6    0000003c     drivers_tivaware.aem4f : SPITivaDMA.oem4f (.text:SPITivaDMA_close)
                  00005022    0000003c     driverlib.lib : ssi.obj (.text:SSIConfigSetExpClk)
                  0000505e    00000002     --HOLE-- [fill = 0]
                  00005060    0000003c     Config.obj (.text:dmaErrorHwi)
                  0000509c    00000004     --HOLE-- [fill = 0]
                  000050a0    0000003c     sysbios.aem4f : BIOS.obj (.text:ti_sysbios_family_arm_m3_Hwi_excSvCall__I)
                  000050dc    00000004     --HOLE-- [fill = 0]
                  000050e0    0000003c                   : BIOS.obj (.text:ti_sysbios_heaps_HeapMem_init__I)
                  0000511c    00000004     --HOLE-- [fill = 0]
                  00005120    0000003c                   : BIOS.obj (.text:ti_sysbios_knl_Swi_restore__E)
                  0000515c    00000038     drivers_tivaware.aem4f : PWM.oem4f (.text:PWM_init)
                  00005194    00000038                            : SPI.oem4f (.text:SPI_init)
                  000051cc    00000038     rtsv7M4_T_le_v4SPD16_eabi.lib : trgmsg.c.obj (.text:__TI_writemsg)
                  00005204    00000004     --HOLE-- [fill = 0]
                  00005208    00000038     sysbios.aem4f : BIOS.obj (.text:ti_sysbios_family_arm_m3_Hwi_excNoIsr__I)
                  00005240    00000038                   : BIOS.obj (.text:ti_sysbios_knl_Task_processVitalTaskFlag__I)
                  00005278    00000038     ti.targets.arm.rtsarm.aem4f : SysMin.oem4f (.text:xdc_runtime_SysMin_putch__E)
                  000052b0    00000038                                 : System.oem4f (.text:xdc_runtime_System_atexit__E)
                  000052e8    00000034     driverlib.lib : sysctl.obj (.text:SysCtlPeripheralEnable)
                  0000531c    00000034     rtsv7M4_T_le_v4SPD16_eabi.lib : trgmsg.c.obj (.text:__TI_readmsg)
                  00005350    00000034     sysbios.aem4f : BIOS.obj (.text:ti_sysbios_family_arm_m3_Hwi_Instance_finalize__E)
                  00005384    00000004     --HOLE-- [fill = 0]
                  00005388    00000034                   : BIOS.obj (.text:ti_sysbios_family_arm_m3_Hwi_excNmi__I)
                  000053bc    00000004     --HOLE-- [fill = 0]
                  000053c0    00000034                   : BIOS.obj (.text:ti_sysbios_hal_Hwi_checkStack)
                  000053f4    00000034     ti.targets.arm.rtsarm.aem4f : Core-label.oem4f (.text:xdc_runtime_Core_assignLabel__I)
                  00005428    00000033                                 : Text.oem4f (.text:xdc_runtime_Text_printVisFxn__I)
                  0000545b    00000005     --HOLE-- [fill = 0]
                  00005460    00000032     sysbios.aem4f : BIOS.obj (.text:ti_sysbios_hal_Hwi_initStack)
                  00005492    00000002     --HOLE-- [fill = 0]
                  00005494    00000030     drivers_tivaware.aem4f : PWMTiva.oem4f (.text:PWMTiva_init)
                  000054c4    00000030                            : PWM.oem4f (.text:PWM_open)
                  000054f4    00000030     edu_pem4f.oem4f (.text:ti_sysbios_BIOS_atExitFunc__I)
                  00005524    00000004     --HOLE-- [fill = 0]
                  00005528    00000030     sysbios.aem4f : BIOS.obj (.text:ti_sysbios_family_arm_lm4_Timer_stop__E)
                  00005558    00000030                   : BIOS.obj (.text:ti_sysbios_family_arm_m3_TaskSupport_start__E)
                  00005588    00000030     edu_pem4f.oem4f (.text:ti_sysbios_gates_GateHwi_Object__create__S)
                  000055b8    00000030     edu_pem4f.oem4f (.text:ti_sysbios_gates_GateMutex_Object__create__S)
                  000055e8    00000030     edu_pem4f.oem4f (.text:ti_sysbios_heaps_HeapMem_Object__create__S)
                  00005618    00000030     edu_pem4f.oem4f (.text:ti_sysbios_knl_Semaphore_construct)
                  00005648    00000030     sysbios.aem4f : BIOS.obj (.text:ti_sysbios_knl_Semaphore_pendTimeout__I)
                  00005678    00000030                   : BIOS.obj (.text:ti_sysbios_knl_Task_unblockI__E)
                  000056a8    00000030     ti.targets.arm.rtsarm.aem4f : SysMin.oem4f (.text:xdc_runtime_SysMin_abort__E)
                  000056d8    00000030                                 : System.oem4f (.text:xdc_runtime_System_processAtExit__E)
                  00005708    0000002e     driverlib.lib : adc.obj (.text:ADCIntStatus)
                  00005736    00000002     --HOLE-- [fill = 0]
                  00005738    0000002c     edu_pem4f.oem4f (.text:ti_sysbios_knl_Clock_doTick__I)
                  00005764    0000002c     edu_pem4f.oem4f (.text:ti_sysbios_knl_Queue_construct)
                  00005790    0000002c     sysbios.aem4f : BIOS.obj (.text:ti_sysbios_knl_Task_restore__E)
                  000057bc    0000002c     driverlib.lib : udma.obj (.text:uDMAChannelAssign)
                  000057e8    0000002c     ti.targets.arm.rtsarm.aem4f : Text.oem4f (.text:xdc_runtime_Text_cordText__E)
                  00005814    0000002a     driverlib.lib : gpio.obj (.text:GPIODirModeSet)
                  0000583e    0000002a     ti.targets.arm.rtsarm.aem4f : System.oem4f (.text:xdc_runtime_System_putchar__I)
                  00005868    00000028     Config.obj (.text:EK_TM4C1294XL_initPWM)
                  00005890    00000028     sysbios.aem4f : BIOS.obj (.text:ti_sysbios_knl_Swi_Module_startup__E)
                  000058b8    00000026                   : m3_Hwi_asm.obj (.text:ti_sysbios_family_arm_m3_Hwi_pendSV__I)
                  000058de    00000026     ti.targets.arm.rtsarm.aem4f : System.oem4f (.text:xdc_runtime_System_avprintf__E)
                  00005904    00000024     edu_pem4f.oem4f (.text:ti_sysbios_BIOS_errorRaiseHook__I)
                  00005928    00000024     edu_pem4f.oem4f (.text:ti_sysbios_BIOS_registerRTSLock__I)
                  0000594c    00000024     edu_pem4f.oem4f (.text:ti_sysbios_BIOS_removeRTSLock__I)
                  00005970    00000024     edu_pem4f.oem4f (.text:ti_sysbios_BIOS_startFunc__I)
                  00005994    00000024     edu_pem4f.oem4f (.text:ti_sysbios_gates_GateMutex_Object__delete__S)
                  000059b8    00000024     sysbios.aem4f : BIOS.obj (.text:ti_sysbios_knl_Clock_Module_startup__E)
                  000059dc    00000004     --HOLE-- [fill = 0]
                  000059e0    00000024                   : BIOS.obj (.text:ti_sysbios_knl_Task_restoreHwi__E)
                  00005a04    00000024     driverlib.lib : udma.obj (.text:uDMAChannelControlSet)
                  00005a28    00000024     ti.targets.arm.rtsarm.aem4f : System.oem4f (.text:xdc_runtime_System_vprintf__E)
                  00005a4c    00000022     driverlib.lib : pwm.obj (.text:PWMGenConfigure)
                  00005a6e    00000022     drivers_tivaware.aem4f : PWMTiva.oem4f (.text:PWMTiva_getPeriodCounts)
                  00005a90    00000022     sysbios.aem4f : BIOS.obj (.text:ti_sysbios_family_arm_lm4_Timer_write__I)
                  00005ab2    00000022     edu_pem4f.oem4f (.text:xdc_runtime_SysMin_output__I)
                  00005ad4    00000020     Boot.aem4f : Boot_sysctl.oem4f (.text:_SysCtlMemTimingGet)
                  00005af4    00000020     edu_pem4f.oem4f (.text:ti_sysbios_BIOS_rtsLock__I)
                  00005b14    00000004     --HOLE-- [fill = 0]
                  00005b18    00000020     sysbios.aem4f : BIOS.obj (.text:ti_sysbios_family_arm_m3_Hwi_clearInterrupt__E)
                  00005b38    00000020                   : m3_Hwi_asm.obj (.text:ti_sysbios_family_arm_m3_Hwi_excHandlerAsm__I)
                  00005b58    00000020                   : BIOS.obj (.text:ti_sysbios_family_arm_m3_Hwi_excHandler__I)
                  00005b78    00000020     edu_pem4f.oem4f (.text:ti_sysbios_gates_GateHwi_Object__delete__S)
                  00005b98    00000020     edu_pem4f.oem4f (.text:ti_sysbios_heaps_HeapMem_Object__delete__S)
                  00005bb8    00000020     sysbios.aem4f : BIOS.obj (.text:ti_sysbios_knl_Idle_run__E)
                  00005bd8    00000020     edu_pem4f.oem4f (.text:ti_sysbios_knl_Semaphore_Object__destruct__S)
                  00005bf8    00000020     ti.targets.arm.rtsarm.aem4f : Registry.oem4f (.text:xdc_runtime_Registry_findById__E)
                  00005c18    00000020                                 : SysMin.oem4f (.text:xdc_runtime_SysMin_Module_startup__E)
                  00005c38    0000001e     driverlib.lib : adc.obj (.text:ADCSequenceDataGet)
                  00005c56    0000001e                   : pwm.obj (.text:PWMPulseWidthSet)
                  00005c74    0000001e     drivers_tivaware.aem4f : PWMTiva.oem4f (.text:PWMTiva_getPeriodMicroSecs)
                  00005c92    0000001e     sysbios.aem4f : m3_Hwi_asm_switch.obj (.text:ti_sysbios_family_xxx_Hwi_switchAndRunFunc)
                  00005cb0    0000001c     Init.obj (.text:Init_Edu)
                  00005ccc    0000001c     drivers_tivaware.aem4f : GPIOTiva.oem4f (.text:getGpioIntIndex)
                  00005ce8    0000001c     edu_pem4f.oem4f (.text:ti_sysbios_family_arm_m3_Hwi_Object__destruct__S)
                  00005d04    00000004     --HOLE-- [fill = 0]
                  00005d08    0000001c     sysbios.aem4f : BIOS.obj (.text:ti_sysbios_gates_GateMutex_Instance_init__E)
                  00005d24    0000001c     edu_pem4f.oem4f (.text:ti_sysbios_knl_Queue_Object__destruct__S)
                  00005d40    0000001c     sysbios.aem4f : BIOS.obj (.text:ti_sysbios_knl_Task_enter__I)
                  00005d5c    0000001c     ti.targets.arm.rtsarm.aem4f : Error.oem4f (.text:xdc_runtime_Error_raiseX__E)
                  00005d78    0000001c                                 : Memory.oem4f (.text:xdc_runtime_Memory_valloc__E)
                  00005d94    0000001c                                 : SysMin.oem4f (.text:xdc_runtime_SysMin_exit__E)
                  00005db0    0000001c                                 : System.oem4f (.text:xdc_runtime_System_abort__E)
                  00005dcc    0000001a     edu_pem4f.oem4f (.text:ti_sysbios_family_arm_m3_Hwi_Handle__label__S)
                  00005de6    0000001a     edu_pem4f.oem4f (.text:ti_sysbios_gates_GateHwi_Handle__label__S)
                  00005e00    0000001a     edu_pem4f.oem4f (.text:ti_sysbios_gates_GateMutex_Handle__label__S)
                  00005e1a    0000001a     edu_pem4f.oem4f (.text:ti_sysbios_heaps_HeapMem_Handle__label__S)
                  00005e34    0000001a     edu_pem4f.oem4f (.text:ti_sysbios_knl_Swi_Handle__label__S)
                  00005e4e    0000001a     edu_pem4f.oem4f (.text:ti_sysbios_knl_Task_Handle__label__S)
                  00005e68    0000001a     edu_pem4f.oem4f (.text:xdc_runtime_System_aprintf__E)
                  00005e82    0000001a     edu_pem4f.oem4f (.text:xdc_runtime_System_printf__E)
                  00005e9c    00000018     driverlib.lib : adc.obj (.text:ADCProcessorTrigger)
                  00005eb4    00000018     rtsv7M4_T_le_v4SPD16_eabi.lib : args_main.c.obj (.text:_args_main)
                  00005ecc    00000018     edu_pem4f.oem4f (.text:ti_sysbios_BIOS_rtsUnlock__I)
                  00005ee4    00000018     edu_pem4f.oem4f (.text:ti_sysbios_family_arm_lm4_Timer_Module__startupDone__F)
                  00005efc    00000018     edu_pem4f.oem4f (.text:ti_sysbios_family_arm_m3_Hwi_Module__startupDone__F)
                  00005f14    00000018     sysbios.aem4f : m3_TaskSupport_asm.obj (.text:ti_sysbios_family_arm_m3_TaskSupport_swap__E)
                  00005f2c    00000004     --HOLE-- [fill = 0]
                  00005f30    00000018                   : BIOS.obj (.text:ti_sysbios_gates_GateMutex_leave__E)
                  00005f48    00000018                   : BIOS.obj (.text:ti_sysbios_knl_Task_sleepTimeout__I)
                  00005f60    00000018     driverlib.lib : udma.obj (.text:uDMAChannelDisable)
                  00005f78    00000018                   : udma.obj (.text:uDMAChannelEnable)
                  00005f90    00000018                   : udma.obj (.text:uDMAChannelIsEnabled)
                  00005fa8    00000018     ti.targets.arm.rtsarm.aem4f : Error.oem4f (.text:xdc_runtime_Error_check__E)
                  00005fc0    00000018                                 : System.oem4f (.text:xdc_runtime_System_exit__E)
                  00005fd8    00000018                                 : Text.oem4f (.text:xdc_runtime_Text_ropeText__E)
                  00005ff0    00000016     edu_pem4f.oem4f (.text:ti_sysbios_BIOS_exitFunc__I)
                  00006006    00000016     Config.obj (.text:ti_sysbios_family_arm_m3_Hwi_Params_init)
                  0000601c    00000016     main.obj (.text:ti_sysbios_knl_Task_Params_init)
                  00006032    00000002     --HOLE-- [fill = 0]
                  00006034    00000014     driverlib.lib : pwm.obj (.text:PWMClockSet)
                  00006048    00000014                   : sysctl.obj (.text:SysCtlPWMClockSet)
                  0000605c    00000014     rtsv7M4_T_le_v4SPD16_eabi.lib : strlen.c.obj (.text:strlen)
                  00006070    00000014     edu_pem4f.oem4f (.text:ti_sysbios_family_arm_m3_Hwi_Object__get__S)
                  00006084    00000004     --HOLE-- [fill = 0]
                  00006088    00000014     sysbios.aem4f : BIOS.obj (.text:ti_sysbios_family_arm_m3_Hwi_switchFromBootStack__E)
                  0000609c    00000014     edu_pem4f.oem4f (.text:ti_sysbios_heaps_HeapMem_Object__get__S)
                  000060b0    00000014     edu_pem4f.oem4f (.text:ti_sysbios_knl_Swi_Object__get__S)
                  000060c4    00000012     driverlib.lib : gpio.obj (.text:GPIOPinTypeADC)
                  000060d6    00000012                   : gpio.obj (.text:GPIOPinTypePWM)
                  000060e8    00000012                   : gpio.obj (.text:GPIOPinTypeSSI)
                  000060fa    00000012                   : pwm.obj (.text:PWMGenPeriodGet)
                  0000610c    00000012                   : pwm.obj (.text:PWMOutputInvert)
                  0000611e    00000012                   : pwm.obj (.text:PWMOutputState)
                  00006130    00000012                   : ssi.obj (.text:SSIDataGetNonBlocking)
                  00006142    00000006                   : gpio.obj (.text:GPIOPinWrite)
                  00006148    00000012     sysbios.aem4f : BIOS.obj (.text:ti_sysbios_hal_Hwi_Module_startup__E)
                  0000615a    00000012     edu_pem4f.oem4f (.text:xdc_runtime_Startup_exec__I)
                  0000616c    00000010     edu_pem4f.oem4f (.text:.bootCodeSection:ti_catalog_arm_cortexm4_tiva_ce_Boot_init__I)
                  0000617c    00000010     driverlib.lib : pwm.obj (.text:PWMGenPeriodSet)
                  0000618c    00000010     drivers_tivaware.aem4f : PWM.oem4f (.text:PWM_Params_init)
                  0000619c    00000004     --HOLE-- [fill = 0]
                  000061a0    00000010     sysbios.aem4f : BIOS.obj (.text:ti_sysbios_BIOS_getCpuFreq__E)
                  000061b0    00000010                   : BIOS.obj (.text:ti_sysbios_BIOS_setThreadType__E)
                  000061c0    00000010                   : BIOS.obj (.text:ti_sysbios_BIOS_start__E)
                  000061d0    00000010                   : m3_TaskSupport_asm.obj (.text:ti_sysbios_family_arm_m3_TaskSupport_glue)
                  000061e0    00000010                   : BIOS.obj (.text:ti_sysbios_gates_GateMutex_Instance_finalize__E)
                  000061f0    00000010                   : BIOS.obj (.text:ti_sysbios_knl_Semaphore_Instance_finalize__E)
                  00006200    00000010                   : BIOS.obj (.text:ti_sysbios_knl_Swi_disable__E)
                  00006210    00000010     edu_pem4f.oem4f (.text:ti_sysbios_knl_Task_Object__get__S)
                  00006220    00000010     sysbios.aem4f : BIOS.obj (.text:ti_sysbios_knl_Task_disable__E)
                  00006230    00000010     driverlib.lib : udma.obj (.text:uDMAEnable)
                  00006240    00000010     ti.targets.arm.rtsarm.aem4f : Gate.oem4f (.text:xdc_runtime_Gate_leaveSystem__E)
                  00006250    00000010                                 : Memory.oem4f (.text:xdc_runtime_Memory_free__E)
                  00006260    00000010                                 : SysMin.oem4f (.text:xdc_runtime_SysMin_ready__E)
                  00006270    00000010                                 : System.oem4f (.text:xdc_runtime_System_vsnprintf__E)
                  00006280    00000010     edu_pem4f.oem4f (.text:xdc_runtime_Text_visitRope__I)
                  00006290    0000000e     driverlib.lib : adc.obj (.text:ADCSequenceEnable)
                  0000629e    0000000e                   : gpio.obj (.text:GPIOIntStatus)
                  000062ac    0000000e     rtsv7M4_T_le_v4SPD16_eabi.lib : copy_decompress_none.c.obj (.text:decompress:none:__TI_decompress_none)
                  000062ba    00000006     drivers_tivaware.aem4f : SPITivaDMA.oem4f (.text:SPITivaDMA_control)
                  000062c0    0000000e     sysbios.aem4f : BIOS.obj (.text:ti_sysbios_knl_Idle_loop__E)
                  000062ce    00000002     --HOLE-- [fill = 0]
                  000062d0    0000000e                   : BIOS.obj (.text:ti_sysbios_knl_Queue_empty__E)
                  000062de    0000000c     driverlib.lib : pwm.obj (.text:PWMGenDisable)
                  000062ea    0000000c                   : pwm.obj (.text:PWMGenEnable)
                  000062f6    00000002     --HOLE-- [fill = 0]
                  000062f8    0000000c     rtsv7M4_T_le_v4SPD16_eabi.lib : _lock.c.obj (.text:_register_lock)
                  00006304    0000000c                                   : _lock.c.obj (.text:_register_unlock)
                  00006310    0000000c                                   : copy_zero_init.c.obj (.text:decompress:ZI:__TI_zero_init)
                  0000631c    00000004     --HOLE-- [fill = 0]
                  00006320    0000000c     sysbios.aem4f : BIOS.obj (.text:ti_sysbios_family_arm_lm4_Timer_getMaxTicks__E)
                  0000632c    0000000c     edu_pem4f.oem4f (.text:ti_sysbios_family_arm_m3_Hwi_Params__init__S)
                  00006338    0000000c     sysbios.aem4f : BIOS.obj (.text:ti_sysbios_family_arm_m3_Hwi_disableFxn__E)
                  00006344    00000004     --HOLE-- [fill = 0]
                  00006348    0000000c                   : BIOS.obj (.text:ti_sysbios_family_arm_m3_TaskSupport_checkStack__E)
                  00006354    00000004     --HOLE-- [fill = 0]
                  00006358    0000000c                   : BIOS.obj (.text:ti_sysbios_family_arm_m3_TaskSupport_getStackAlignment__E)
                  00006364    00000004     --HOLE-- [fill = 0]
                  00006368    0000000c                   : BIOS.obj (.text:ti_sysbios_gates_GateHwi_enter__E)
                  00006374    0000000c     edu_pem4f.oem4f (.text:ti_sysbios_knl_Queue_Object__get__S)
                  00006380    0000000c     edu_pem4f.oem4f (.text:ti_sysbios_knl_Semaphore_Params__init__S)
                  0000638c    0000000c     edu_pem4f.oem4f (.text:ti_sysbios_knl_Task_Params__init__S)
                  00006398    0000000c     driverlib.lib : udma.obj (.text:uDMAControlBaseSet)
                  000063a4    0000000c                   : udma.obj (.text:uDMAErrorStatusClear)
                  000063b0    0000000c                   : udma.obj (.text:uDMAErrorStatusGet)
                  000063bc    0000000c                   : udma.obj (.text:uDMAIntStatus)
                  000063c8    0000000c     ti.targets.arm.rtsarm.aem4f : Error.oem4f (.text:xdc_runtime_Error_init__E)
                  000063d4    0000000c                                 : Gate.oem4f (.text:xdc_runtime_Gate_enterSystem__E)
                  000063e0    0000000c                                 : Memory.oem4f (.text:xdc_runtime_Memory_calloc__E)
                  000063ec    0000000c                                 : Memory.oem4f (.text:xdc_runtime_Memory_getMaxDefaultTypeAlign__E)
                  000063f8    0000000a     driverlib.lib : adc.obj (.text:ADCIntClear)
                  00006402    0000000a     drivers_tivaware.aem4f : SPITivaDMA.oem4f (.text:SPITivaDMA_init)
                  0000640c    0000000a     driverlib.lib : ssi.obj (.text:SSIDMADisable)
                  00006416    0000000a                   : ssi.obj (.text:SSIDisable)
                  00006420    0000000a                   : ssi.obj (.text:SSIEnable)
                  0000642a    0000000a                   : ssi.obj (.text:SSIIntDisable)
                  00006434    0000000a     edu_pem4f.oem4f (.text:xdc_runtime_IHeap_alloc)
                  0000643e    0000000a     edu_pem4f.oem4f (.text:xdc_runtime_IHeap_free)
                  00006448    00000008     Config.obj (.text:EK_TM4C1294XL_initGPIO)
                  00006450    00000008     driverlib.lib : ssi.obj (.text:SSIDMAEnable)
                  00006458    00000008                   : ssi.obj (.text:SSIIntEnable)
                  00006460    00000008     sysbios.aem4f : BIOS.obj (.text:ti_sysbios_family_arm_lm4_Timer_masterDisable__I)
                  00006468    00000008                   : BIOS.obj (.text:ti_sysbios_family_arm_m3_Hwi_doSwiRestore__I)
                  00006470    00000008                   : BIOS.obj (.text:ti_sysbios_family_arm_m3_Hwi_startup__E)
                  00006478    00000006     drivers_tivaware.aem4f : SPITivaDMA.oem4f (.text:SPITivaDMA_transferCallback)
                  0000647e    00000002     --HOLE-- [fill = 0]
                  00006480    00000006     sysbios.aem4f : BIOS.obj (.text:ti_sysbios_family_arm_m3_Hwi_doTaskRestore__I)
                  00006486    00000002     --HOLE-- [fill = 0]
                  00006488    00000006                   : BIOS.obj (.text:ti_sysbios_family_arm_m3_Hwi_restoreFxn__E)
                  0000648e    00000002     --HOLE-- [fill = 0]
                  00006490    00000006                   : BIOS.obj (.text:ti_sysbios_gates_GateHwi_leave__E)
                  00006496    00000002     --HOLE-- [fill = 0]
                  00006498    00000006                   : BIOS.obj (.text:ti_sysbios_heaps_HeapMem_isBlocking__E)
                  0000649e    00000002     --HOLE-- [fill = 0]
                  000064a0    00000006                   : BIOS.obj (.text:ti_sysbios_knl_Queue_Instance_init__E)
                  000064a6    00000002     --HOLE-- [fill = 0]
                  000064a8    00000006                   : BIOS.obj (.text:ti_sysbios_knl_Swi_startup__E)
                  000064ae    00000006     ti.targets.arm.rtsarm.aem4f : System.oem4f (.text:xdc_runtime_System_Module_startup__E)
                  000064b4    00000004     --HOLE-- [fill = 0]
                  000064b8    00000004     sysbios.aem4f : BIOS.obj (.text:ti_sysbios_gates_GateHwi_query__E)
                  000064bc    00000004     --HOLE-- [fill = 0]
                  000064c0    00000004                   : BIOS.obj (.text:ti_sysbios_gates_GateMutex_query__E)
                  000064c4    00000004     --HOLE-- [fill = 0]
                  000064c8    00000004                   : BIOS.obj (.text:ti_sysbios_knl_Task_startup__E)
                  000064cc    00000004     --HOLE-- [fill = 0]
                  000064d0    00000002                   : BIOS.obj (.text:ti_sysbios_gates_GateHwi_Instance_init__E)
                  000064d2    00000006     --HOLE-- [fill = 0]
                  000064d8    00000002                   : BIOS.obj (.text:ti_sysbios_knl_Clock_logTick__E)

.const     0    000064dc    000021d2     
                  000064dc    00001861     edu_pem4f.oem4f (.const:xdc_runtime_Text_charTab__A)
                  00007d3d    00000001     edu_pem4f.oem4f (.const:xdc_runtime_Error_policy__C)
                  00007d3e    00000002     edu_pem4f.oem4f (.const:ti_catalog_arm_cortexm4_tiva_ce_Boot_Module__id__C)
                  00007d40    00000120     Boot.aem4f : Boot_sysctl.oem4f (.const:g_pppui32XTALtoVCO)
                  00007e60    000000bc     edu_pem4f.oem4f (.const:xdc_runtime_Text_nodeTab__A)
                  00007f1c    00000090     driverlib.lib : gpio.obj (.const:g_pui32GPIOBaseAddrs)
                  00007fac    0000006c     Boot.aem4f : Boot_sysctl.oem4f (.const:g_pui32Xtals)
                  00008018    00000064     drivers_tivaware.aem4f : SPITivaDMA.oem4f (.const)
                  0000807c    00000054                            : GPIOTiva.oem4f (.const:.string)
                  000080d0    00000048     edu_pem4f.oem4f (.const:.string)
                  00008118    00000048     drivers_tivaware.aem4f : GPIOTiva.oem4f (.const:gpioBaseAddresses)
                  00008160    0000003c     edu_pem4f.oem4f (.const:ti_sysbios_knl_Task_Object__PARAMS__C)
                  0000819c    00000030     Boot.aem4f : Boot_sysctl.oem4f (.const:g_sXTALtoMEMTIM)
                  000081cc    00000030     edu_pem4f.oem4f (.const:ti_sysbios_family_arm_m3_Hwi_Object__PARAMS__C)
                  000081fc    00000028     Config.obj (.const:spiTivaDMAHWAttrs)
                  00008224    00000028     edu_pem4f.oem4f (.const:ti_sysbios_heaps_HeapMem_Module__FXNS__C)
                  0000824c    00000024     edu_pem4f.oem4f (.const:ti_sysbios_gates_GateHwi_Module__FXNS__C)
                  00008270    00000024     edu_pem4f.oem4f (.const:ti_sysbios_gates_GateMutex_Module__FXNS__C)
                  00008294    00000024     edu_pem4f.oem4f (.const:ti_sysbios_heaps_HeapMem_Object__PARAMS__C)
                  000082b8    00000024     edu_pem4f.oem4f (.const:ti_sysbios_knl_Semaphore_Object__PARAMS__C)
                  000082dc    00000020     drivers_tivaware.aem4f : PWMTiva.oem4f (.const)
                  000082fc    00000020     edu_pem4f.oem4f (.const:ti_sysbios_family_arm_m3_Hwi_Object__DESC__C)
                  0000831c    00000020     edu_pem4f.oem4f (.const:ti_sysbios_gates_GateHwi_Object__DESC__C)
                  0000833c    00000020     edu_pem4f.oem4f (.const:ti_sysbios_gates_GateMutex_Object__DESC__C)
                  0000835c    00000020     edu_pem4f.oem4f (.const:ti_sysbios_heaps_HeapMem_Object__DESC__C)
                  0000837c    00000020     edu_pem4f.oem4f (.const:ti_sysbios_knl_Queue_Object__DESC__C)
                  0000839c    00000020     edu_pem4f.oem4f (.const:ti_sysbios_knl_Semaphore_Object__DESC__C)
                  000083bc    00000020     edu_pem4f.oem4f (.const:ti_sysbios_knl_Task_Object__DESC__C)
                  000083dc    00000020     edu_pem4f.oem4f (.const:xdc_runtime_Startup_sfxnTab__A)
                  000083fc    00000018     Config.obj (.const:PWM_config)
                  00008414    00000018     Config.obj (.const:SPI_config)
                  0000842c    00000018     edu_pem4f.oem4f (.const:ti_sysbios_gates_GateHwi_Object__PARAMS__C)
                  00008444    00000018     edu_pem4f.oem4f (.const:ti_sysbios_gates_GateMutex_Object__PARAMS__C)
                  0000845c    00000018     edu_pem4f.oem4f (.const:ti_sysbios_knl_Queue_Object__PARAMS__C)
                  00008474    00000014     Config.obj (.const:GPIOTiva_config)
                  00008488    00000014     edu_pem4f.oem4f (.const:xdc_runtime_Startup_firstFxns__A)
                  0000849c    00000010     edu_pem4f.oem4f (.const:xdc_runtime_Startup_sfxnRts__A)
                  000084ac    0000000c     drivers_tivaware.aem4f : PWM.oem4f (.const)
                  000084b8    0000000c     Config.obj (.const:pwmTivaHWAttrs)
                  000084c4    00000008     Boot.aem4f : Boot_sysctl.oem4f (.const)
                  000084cc    00000008     edu_pem4f.oem4f (.const:ti_sysbios_family_arm_m3_Hwi_excHookFuncs__A)
                  000084d4    00000008     edu_pem4f.oem4f (.const:ti_sysbios_knl_Idle_funcList__C)
                  000084dc    00000008     edu_pem4f.oem4f (.const:xdc_runtime_Startup_firstFxns__C)
                  000084e4    00000008     edu_pem4f.oem4f (.const:xdc_runtime_Startup_lastFxns__C)
                  000084ec    00000004     edu_pem4f.oem4f (.const:ti_catalog_arm_cortexm4_tiva_ce_Boot_A_mustNotUseEnhancedClockMode__C)
                  000084f0    00000004     edu_pem4f.oem4f (.const:ti_catalog_arm_cortexm4_tiva_ce_Boot_Module__diagsEnabled__C)
                  000084f4    00000004     edu_pem4f.oem4f (.const:ti_catalog_arm_cortexm4_tiva_ce_Boot_Module__diagsIncluded__C)
                  000084f8    00000004     edu_pem4f.oem4f (.const:ti_catalog_arm_cortexm4_tiva_ce_Boot_Module__diagsMask__C)
                  000084fc    00000004     edu_pem4f.oem4f (.const:ti_sysbios_family_arm_lm4_Timer_enableFunc__C)
                  00008500    00000004     edu_pem4f.oem4f (.const:ti_sysbios_family_arm_lm4_Timer_numTimerDevices__C)
                  00008504    00000004     edu_pem4f.oem4f (.const:ti_sysbios_family_arm_lm4_Timer_startupNeeded__C)
                  00008508    00000004     edu_pem4f.oem4f (.const:ti_sysbios_family_arm_m3_Hwi_E_NMI__C)
                  0000850c    00000004     edu_pem4f.oem4f (.const:ti_sysbios_family_arm_m3_Hwi_E_alreadyDefined__C)
                  00008510    00000004     edu_pem4f.oem4f (.const:ti_sysbios_family_arm_m3_Hwi_E_busFault__C)
                  00008514    00000004     edu_pem4f.oem4f (.const:ti_sysbios_family_arm_m3_Hwi_E_debugMon__C)
                  00008518    00000004     edu_pem4f.oem4f (.const:ti_sysbios_family_arm_m3_Hwi_E_hardFault__C)
                  0000851c    00000004     edu_pem4f.oem4f (.const:ti_sysbios_family_arm_m3_Hwi_E_memFault__C)
                  00008520    00000004     edu_pem4f.oem4f (.const:ti_sysbios_family_arm_m3_Hwi_E_noIsr__C)
                  00008524    00000004     edu_pem4f.oem4f (.const:ti_sysbios_family_arm_m3_Hwi_E_reserved__C)
                  00008528    00000004     edu_pem4f.oem4f (.const:ti_sysbios_family_arm_m3_Hwi_E_svCall__C)
                  0000852c    00000004     edu_pem4f.oem4f (.const:ti_sysbios_family_arm_m3_Hwi_E_usageFault__C)
                  00008530    00000004     edu_pem4f.oem4f (.const:ti_sysbios_family_arm_m3_Hwi_NUM_INTERRUPTS__C)
                  00008534    00000004     edu_pem4f.oem4f (.const:ti_sysbios_family_arm_m3_Hwi_Object__count__C)
                  00008538    00000004     edu_pem4f.oem4f (.const:ti_sysbios_family_arm_m3_Hwi_ccr__C)
                  0000853c    00000004     edu_pem4f.oem4f (.const:ti_sysbios_family_arm_m3_Hwi_excHandlerFunc__C)
                  00008540    00000004     edu_pem4f.oem4f (.const:ti_sysbios_family_arm_m3_Hwi_excHookFuncs__C)
                  00008544    00000004     edu_pem4f.oem4f (.const:ti_sysbios_family_arm_m3_Hwi_nullIsrFunc__C)
                  00008548    00000004     edu_pem4f.oem4f (.const:ti_sysbios_family_arm_m3_Hwi_priGroup__C)
                  0000854c    00000004     edu_pem4f.oem4f (.const:ti_sysbios_family_arm_m3_TaskSupport_stackAlignment__C)
                  00008550    00000004     edu_pem4f.oem4f (.const:ti_sysbios_gates_GateMutex_A_badContext__C)
                  00008554    00000004     edu_pem4f.oem4f (.const:ti_sysbios_gates_GateMutex_Instance_State_sem__O)
                  00008558    00000004     edu_pem4f.oem4f (.const:ti_sysbios_gates_GateMutex_Module__diagsEnabled__C)
                  0000855c    00000004     edu_pem4f.oem4f (.const:ti_sysbios_gates_GateMutex_Module__diagsIncluded__C)
                  00008560    00000004     edu_pem4f.oem4f (.const:ti_sysbios_gates_GateMutex_Module__diagsMask__C)
                  00008564    00000004     edu_pem4f.oem4f (.const:ti_sysbios_hal_Hwi_E_stackOverflow__C)
                  00008568    00000004     edu_pem4f.oem4f (.const:ti_sysbios_heaps_HeapMem_A_align__C)
                  0000856c    00000004     edu_pem4f.oem4f (.const:ti_sysbios_heaps_HeapMem_A_heapSize__C)
                  00008570    00000004     edu_pem4f.oem4f (.const:ti_sysbios_heaps_HeapMem_A_invalidFree__C)
                  00008574    00000004     edu_pem4f.oem4f (.const:ti_sysbios_heaps_HeapMem_A_zeroBlock__C)
                  00008578    00000004     edu_pem4f.oem4f (.const:ti_sysbios_heaps_HeapMem_E_memory__C)
                  0000857c    00000004     edu_pem4f.oem4f (.const:ti_sysbios_heaps_HeapMem_Module__diagsEnabled__C)
                  00008580    00000004     edu_pem4f.oem4f (.const:ti_sysbios_heaps_HeapMem_Module__diagsIncluded__C)
                  00008584    00000004     edu_pem4f.oem4f (.const:ti_sysbios_heaps_HeapMem_Module__diagsMask__C)
                  00008588    00000004     edu_pem4f.oem4f (.const:ti_sysbios_heaps_HeapMem_Module__gateObj__C)
                  0000858c    00000004     edu_pem4f.oem4f (.const:ti_sysbios_heaps_HeapMem_Object__count__C)
                  00008590    00000004     edu_pem4f.oem4f (.const:ti_sysbios_heaps_HeapMem_reqAlign__C)
                  00008594    00000004     edu_pem4f.oem4f (.const:ti_sysbios_knl_Clock_Module_State_clockQ__O)
                  00008598    00000004     edu_pem4f.oem4f (.const:ti_sysbios_knl_Idle_funcList__A)
                  0000859c    00000004     edu_pem4f.oem4f (.const:ti_sysbios_knl_Semaphore_A_badContext__C)
                  000085a0    00000004     edu_pem4f.oem4f (.const:ti_sysbios_knl_Semaphore_A_noEvents__C)
                  000085a4    00000004     edu_pem4f.oem4f (.const:ti_sysbios_knl_Semaphore_A_overflow__C)
                  000085a8    00000004     edu_pem4f.oem4f (.const:ti_sysbios_knl_Semaphore_A_pendTaskDisabled__C)
                  000085ac    00000004     edu_pem4f.oem4f (.const:ti_sysbios_knl_Semaphore_Instance_State_pendQ__O)
                  000085b0    00000004     edu_pem4f.oem4f (.const:ti_sysbios_knl_Semaphore_Module__diagsEnabled__C)
                  000085b4    00000004     edu_pem4f.oem4f (.const:ti_sysbios_knl_Semaphore_Module__diagsIncluded__C)
                  000085b8    00000004     edu_pem4f.oem4f (.const:ti_sysbios_knl_Semaphore_Module__diagsMask__C)
                  000085bc    00000004     edu_pem4f.oem4f (.const:ti_sysbios_knl_Swi_Object__count__C)
                  000085c0    00000004     edu_pem4f.oem4f (.const:ti_sysbios_knl_Task_A_badPriority__C)
                  000085c4    00000004     edu_pem4f.oem4f (.const:ti_sysbios_knl_Task_A_badTaskState__C)
                  000085c8    00000004     edu_pem4f.oem4f (.const:ti_sysbios_knl_Task_A_badThreadType__C)
                  000085cc    00000004     edu_pem4f.oem4f (.const:ti_sysbios_knl_Task_A_badTimeout__C)
                  000085d0    00000004     edu_pem4f.oem4f (.const:ti_sysbios_knl_Task_A_noPendElem__C)
                  000085d4    00000004     edu_pem4f.oem4f (.const:ti_sysbios_knl_Task_A_sleepTaskDisabled__C)
                  000085d8    00000004     edu_pem4f.oem4f (.const:ti_sysbios_knl_Task_E_spOutOfBounds__C)
                  000085dc    00000004     edu_pem4f.oem4f (.const:ti_sysbios_knl_Task_E_stackOverflow__C)
                  000085e0    00000004     edu_pem4f.oem4f (.const:ti_sysbios_knl_Task_Module_State_inactiveQ__O)
                  000085e4    00000004     edu_pem4f.oem4f (.const:ti_sysbios_knl_Task_Module__diagsEnabled__C)
                  000085e8    00000004     edu_pem4f.oem4f (.const:ti_sysbios_knl_Task_Module__diagsIncluded__C)
                  000085ec    00000004     edu_pem4f.oem4f (.const:ti_sysbios_knl_Task_Module__diagsMask__C)
                  000085f0    00000004     edu_pem4f.oem4f (.const:ti_sysbios_knl_Task_Object__count__C)
                  000085f4    00000004     edu_pem4f.oem4f (.const:ti_sysbios_knl_Task_allBlockedFunc__C)
                  000085f8    00000004     edu_pem4f.oem4f (.const:ti_sysbios_knl_Task_defaultStackHeap__C)
                  000085fc    00000004     edu_pem4f.oem4f (.const:ti_sysbios_knl_Task_defaultStackSize__C)
                  00008600    00000004     edu_pem4f.oem4f (.const:ti_sysbios_knl_Task_numConstructedTasks__C)
                  00008604    00000004     edu_pem4f.oem4f (.const:xdc_runtime_Assert_E_assertFailed__C)
                  00008608    00000004     edu_pem4f.oem4f (.const:xdc_runtime_Core_A_initializedParams__C)
                  0000860c    00000004     edu_pem4f.oem4f (.const:xdc_runtime_Core_Module__diagsEnabled__C)
                  00008610    00000004     edu_pem4f.oem4f (.const:xdc_runtime_Core_Module__diagsIncluded__C)
                  00008614    00000004     edu_pem4f.oem4f (.const:xdc_runtime_Core_Module__diagsMask__C)
                  00008618    00000004     edu_pem4f.oem4f (.const:xdc_runtime_Error_E_memory__C)
                  0000861c    00000004     edu_pem4f.oem4f (.const:xdc_runtime_Error_Module__diagsEnabled__C)
                  00008620    00000004     edu_pem4f.oem4f (.const:xdc_runtime_Error_Module__diagsIncluded__C)
                  00008624    00000004     edu_pem4f.oem4f (.const:xdc_runtime_Error_Module__diagsMask__C)
                  00008628    00000004     edu_pem4f.oem4f (.const:xdc_runtime_Error_Module__loggerFxn8__C)
                  0000862c    00000004     edu_pem4f.oem4f (.const:xdc_runtime_Error_Module__loggerObj__C)
                  00008630    00000004     edu_pem4f.oem4f (.const:xdc_runtime_Error_policyFxn__C)
                  00008634    00000004     edu_pem4f.oem4f (.const:xdc_runtime_Error_raiseHook__C)
                  00008638    00000004     edu_pem4f.oem4f (.const:xdc_runtime_IGateProvider_Interface__BASE__C)
                  0000863c    00000004     edu_pem4f.oem4f (.const:xdc_runtime_IHeap_Interface__BASE__C)
                  00008640    00000004     edu_pem4f.oem4f (.const:xdc_runtime_IModule_Interface__BASE__C)
                  00008644    00000004     edu_pem4f.oem4f (.const:xdc_runtime_Log_L_error__C)
                  00008648    00000004     edu_pem4f.oem4f (.const:xdc_runtime_Memory_defaultHeapInstance__C)
                  0000864c    00000004     edu_pem4f.oem4f (.const:xdc_runtime_Startup_execImpl__C)
                  00008650    00000004     edu_pem4f.oem4f (.const:xdc_runtime_Startup_maxPasses__C)
                  00008654    00000004     edu_pem4f.oem4f (.const:xdc_runtime_Startup_sfxnRts__C)
                  00008658    00000004     edu_pem4f.oem4f (.const:xdc_runtime_Startup_sfxnTab__C)
                  0000865c    00000004     edu_pem4f.oem4f (.const:xdc_runtime_SysMin_bufSize__C)
                  00008660    00000004     edu_pem4f.oem4f (.const:xdc_runtime_SysMin_outputFunc__C)
                  00008664    00000004     edu_pem4f.oem4f (.const:xdc_runtime_System_Module__gateObj__C)
                  00008668    00000004     edu_pem4f.oem4f (.const:xdc_runtime_System_abortFxn__C)
                  0000866c    00000004     edu_pem4f.oem4f (.const:xdc_runtime_System_exitFxn__C)
                  00008670    00000004     edu_pem4f.oem4f (.const:xdc_runtime_System_extendFxn__C)
                  00008674    00000004     edu_pem4f.oem4f (.const:xdc_runtime_System_maxAtexitHandlers__C)
                  00008678    00000004     edu_pem4f.oem4f (.const:xdc_runtime_Text_charTab__C)
                  0000867c    00000004     edu_pem4f.oem4f (.const:xdc_runtime_Text_nameEmpty__C)
                  00008680    00000004     edu_pem4f.oem4f (.const:xdc_runtime_Text_nameStatic__C)
                  00008684    00000004     edu_pem4f.oem4f (.const:xdc_runtime_Text_nameUnknown__C)
                  00008688    00000004     edu_pem4f.oem4f (.const:xdc_runtime_Text_nodeTab__C)
                  0000868c    00000004     edu_pem4f.oem4f (.const:xdc_runtime_Text_visitRopeFxn__C)
                  00008690    00000002     edu_pem4f.oem4f (.const:ti_sysbios_family_arm_m3_Hwi_Module__id__C)
                  00008692    00000002     edu_pem4f.oem4f (.const:ti_sysbios_gates_GateMutex_Module__id__C)
                  00008694    00000002     edu_pem4f.oem4f (.const:ti_sysbios_hal_Hwi_Module__id__C)
                  00008696    00000002     edu_pem4f.oem4f (.const:ti_sysbios_heaps_HeapMem_Module__id__C)
                  00008698    00000002     edu_pem4f.oem4f (.const:ti_sysbios_knl_Semaphore_Module__id__C)
                  0000869a    00000002     edu_pem4f.oem4f (.const:ti_sysbios_knl_Task_Module__id__C)
                  0000869c    00000002     edu_pem4f.oem4f (.const:xdc_runtime_Core_Module__id__C)
                  0000869e    00000002     edu_pem4f.oem4f (.const:xdc_runtime_Error_Module__loggerDefined__C)
                  000086a0    00000002     edu_pem4f.oem4f (.const:xdc_runtime_Error_maxDepth__C)
                  000086a2    00000002     edu_pem4f.oem4f (.const:xdc_runtime_Memory_Module__id__C)
                  000086a4    00000002     edu_pem4f.oem4f (.const:xdc_runtime_SysMin_flushAtExit__C)
                  000086a6    00000002     edu_pem4f.oem4f (.const:xdc_runtime_Text_charCnt__C)
                  000086a8    00000002     edu_pem4f.oem4f (.const:xdc_runtime_Text_isLoaded__C)
                  000086aa    00000002     edu_pem4f.oem4f (.const:xdc_runtime_Text_registryModsLastId__C)
                  000086ac    00000002     edu_pem4f.oem4f (.const:xdc_runtime_Text_unnamedModsLastId__C)

.cinit     0    000086b0    00000210     
                  000086b0    000001dc     (.cinit..data.load) [load image, compression = lzss]
                  0000888c    0000000c     (__TI_handler_table)
                  00008898    00000008     (.cinit..bss.load) [load image, compression = zero_init]
                  000088a0    00000008     (.cinit..vecs.load) [load image, compression = zero_init]
                  000088a8    00000018     (__TI_cinit_table)

.init_array 
*          0    00000000    00000000     UNINITIALIZED

.resetVecs 
*          0    00000000    0000003c     
                  00000000    0000003c     edu_pem4f.oem4f (.resetVecs)

.bss       0    20000400    00001084     UNINITIALIZED
                  20000400    00000400     (.common:ti_sysbios_heaps_HeapMem_Instance_State_0_buf__A)
                  20000800    00000360     (.common:ti_sysbios_family_arm_m3_Hwi_dispatchTable)
                  20000b60    00000090     drivers_tivaware.aem4f : GPIOTiva.oem4f (.bss:gpioCallbackInfo)
                  20000bf0    00000008     Buzzer.obj (.bss)
                  20000bf8    00000008     (.common:parmbuf)
                  20000c00    00000200     Config.obj (.bss:dmaControlTable)
                  20000e00    00000200     edu_pem4f.oem4f (.bss:taskStackSection)
                  20001000    00000200     (.common:task0Stack)
                  20001200    00000120     rtsv7M4_T_le_v4SPD16_eabi.lib : trgmsg.c.obj (.bss:_CIOBUF_)
                  20001320    00000080     (.common:xdc_runtime_SysMin_Module_State_0_outbuf__A)
                  200013a0    00000050     (.common:task0Struct)
                  200013f0    0000004c     (.common:spiTivaDMAObjects)
                  2000143c    0000001c     Config.obj (.bss:dmaHwiStruct)
                  20001458    00000008     (.common:pwmTivaObjects)
                  20001460    00000004     (.common:gpioInterruptVectors)
                  20001464    0000001c     --HOLE--
                  20001480    00000004     (.common:spiTivaDMAscratchBuf)

.data      0    20001484    00000442     UNINITIALIZED
                  20001484    00000080     edu_pem4f.oem4f (.data:ti_sysbios_knl_Swi_Module_State_0_readyQ__A)
                  20001504    00000080     edu_pem4f.oem4f (.data:ti_sysbios_knl_Task_Module_State_0_readyQ__A)
                  20001584    0000004c     edu_pem4f.oem4f (.data:ti_sysbios_knl_Task_Object__table__V)
                  200015d0    00000044     edu_pem4f.oem4f (.data:ti_sysbios_knl_Task_Module__state__V)
                  20001614    00000040     edu_pem4f.oem4f (.data:ti_sysbios_family_arm_lm4_Timer_Module_State_0_device__A)
                  20001654    00000040     edu_pem4f.oem4f (.data:ti_sysbios_family_arm_lm4_Timer_Object__table__V)
                  20001694    00000038     edu_pem4f.oem4f (.data:ti_sysbios_gates_GateMutex_Object__table__V)
                  200016cc    00000034     edu_pem4f.oem4f (.data:ti_sysbios_family_arm_m3_Hwi_Module__state__V)
                  20001700    00000030     edu_pem4f.oem4f (.data:ti_sysbios_knl_Swi_Object__table__V)
                  20001730    0000002c     edu_pem4f.oem4f (.data:ti_sysbios_knl_Clock_Module__state__V)
                  2000175c    00000024     edu_pem4f.oem4f (.data:ti_sysbios_BIOS_Module__state__V)
                  20001780    00000020     edu_pem4f.oem4f (.data:ti_sysbios_family_arm_lm4_Timer_Module_State_0_handles__A)
                  200017a0    0000001c     edu_pem4f.oem4f (.data:ti_sysbios_knl_Swi_Module__state__V)
                  200017bc    00000018     drivers_tivaware.aem4f : PWMTiva.oem4f (.data)
                  200017d4    00000018     Config.obj (.data:gpioPinConfigs)
                  200017ec    00000018     edu_pem4f.oem4f (.data:ti_sysbios_family_arm_m3_Hwi_Object__table__V)
                  20001804    00000018     edu_pem4f.oem4f (.data:ti_sysbios_heaps_HeapMem_Object__table__V)
                  2000181c    0000000c     edu_pem4f.oem4f (.data:ti_sysbios_family_arm_lm4_Timer_Module__state__V)
                  20001828    0000000c     edu_pem4f.oem4f (.data:xdc_runtime_SysMin_Module__state__V)
                  20001834    00000008     rtsv7M4_T_le_v4SPD16_eabi.lib : _lock.c.obj (.data:$O1$$)
                  2000183c    00000008     Config.obj (.data:gpioCallbackFunctions)
                  20001844    00000008     edu_pem4f.oem4f (.data:ti_sysbios_family_arm_m3_Hwi_Module__root__V)
                  2000184c    00000008     edu_pem4f.oem4f (.data:ti_sysbios_gates_GateHwi_Module__root__V)
                  20001854    00000008     edu_pem4f.oem4f (.data:ti_sysbios_gates_GateMutex_Module__root__V)
                  2000185c    00000008     edu_pem4f.oem4f (.data:ti_sysbios_heaps_HeapMem_Module__root__V)
                  20001864    00000008     edu_pem4f.oem4f (.data:ti_sysbios_knl_Queue_Module__root__V)
                  2000186c    00000008     edu_pem4f.oem4f (.data:ti_sysbios_knl_Semaphore_Module__root__V)
                  20001874    00000008     edu_pem4f.oem4f (.data:ti_sysbios_knl_Task_Module__root__V)
                  2000187c    00000008     edu_pem4f.oem4f (.data:xdc_runtime_Registry_Module__state__V)
                  20001884    00000008     edu_pem4f.oem4f (.data:xdc_runtime_Startup_Module__state__V)
                  2000188c    00000008     edu_pem4f.oem4f (.data:xdc_runtime_System_Module_State_0_atexitHandlers__A)
                  20001894    00000008     edu_pem4f.oem4f (.data:xdc_runtime_System_Module__state__V)
                  2000189c    00000005     drivers_tivaware.aem4f : GPIOTiva.oem4f (.data)
                  200018a1    00000001     Config.obj (.data)
                  200018a2    00000002     edu_pem4f.oem4f (.data:ti_sysbios_family_arm_m3_Hwi_Module_State_0_excActive__A)
                  200018a4    00000004     drivers_tivaware.aem4f : PWM.oem4f (.data)
                  200018a8    00000004                            : SPI.oem4f (.data)
                  200018ac    00000004     rtsv7M4_T_le_v4SPD16_eabi.lib : stkdepth_vars.c.obj (.data)
                  200018b0    00000004     edu_pem4f.oem4f (.data:ti_sysbios_family_arm_m3_Hwi_Module_State_0_excContext__A)
                  200018b4    00000004     edu_pem4f.oem4f (.data:ti_sysbios_family_arm_m3_Hwi_Module_State_0_excStack__A)
                  200018b8    00000004     edu_pem4f.oem4f (.data:ti_sysbios_gates_GateHwi_Object__table__V)
                  200018bc    00000004     edu_pem4f.oem4f (.data:ti_sysbios_knl_Task_Module_State_0_idleTask__A)
                  200018c0    00000004     edu_pem4f.oem4f (.data:xdc_runtime_Memory_Module__state__V)
                  200018c4    00000002     edu_pem4f.oem4f (.data:xdc_runtime_Error_Module__state__V)

.stack     0    200018c8    00000300     UNINITIALIZED
                  200018c8    00000300     --HOLE--

.bootVecs 
*          0    00000000    00000008     DSECT
                  00000000    00000008     boot.aem4f : boot.oem4f (.bootVecs)

.vecs      0    20000000    00000360     UNINITIALIZED
                  20000000    00000360     edu_pem4f.oem4f (.vecs)

xdc.meta   0    00000000    000000cc     COPY SECTION
                  00000000    000000cc     edu_pem4f.oem4f (xdc.meta)

MODULE SUMMARY

       Module                       code    ro data   rw data
       ------                       ----    -------   -------
    .\
       main.obj                     182     0         592    
    +--+----------------------------+-------+---------+---------+
       Total:                       182     0         592    
                                                             
    .\Buzzer\
       Buzzer.obj                   100     0         8      
    +--+----------------------------+-------+---------+---------+
       Total:                       100     0         8      
                                                             
    .\Config\
       Config.obj                   626     120       661    
       Init.obj                     28      0         0      
    +--+----------------------------+-------+---------+---------+
       Total:                       654     120       661    
                                                             
    C:\workspaceCCSv8\Edu\Debug\configPkg\package\cfg\
       edu_pem4f.oem4f              1790    7702      4400   
    +--+----------------------------+-------+---------+---------+
       Total:                       1790    7702      4400   
                                                             
    C:/ti/tirtos_tivac_2_16_00_08/products/TivaWare_C_Series-2.1.1.71b/driverlib/ccs/Debug/driverlib.lib
       gpio.obj                     584     144       0      
       udma.obj                     348     0         0      
       adc.obj                      308     0         0      
       pwm.obj                      178     0         0      
       sysctl.obj                   152     0         0      
       ssi.obj                      138     0         0      
    +--+----------------------------+-------+---------+---------+
       Total:                       1708    144       0      
                                                             
    C:/ti/tirtos_tivac_2_16_00_08/products/tidrivers_tivac_2_16_00_08/packages/ti/drivers/lib/drivers_tivaware.aem4f
       PWMTiva.oem4f                962     32        24     
       GPIOTiva.oem4f               684     156       153    
       SPITivaDMA.oem4f             888     100       0      
       PWM.oem4f                    120     12        4      
       SPI.oem4f                    56      0         4      
    +--+----------------------------+-------+---------+---------+
       Total:                       2710    300       185    
                                                             
    C:\ti\ccsv8\tools\compiler\ti-cgt-arm_18.1.4.LTS\lib\rtsv7M4_T_le_v4SPD16_eabi.lib
       trgmsg.c.obj                 108     0         288    
       memcpy_t2.asm.obj            156     0         0      
       memset_t2.asm.obj            122     0         0      
       copy_decompress_lzss.c.obj   104     0         0      
       hostwrite.c.obj              88      0         0      
       cpy_tbl.c.obj                76      0         0      
       u_divt2.asm.obj              64      0         0      
       _lock.c.obj                  26      0         8      
       args_main.c.obj              24      0         0      
       strlen.c.obj                 20      0         0      
       copy_decompress_none.c.obj   14      0         0      
       copy_zero_init.c.obj         12      0         0      
       hostopen.c.obj               0       0         8      
       exit.c.obj                   4       0         0      
       stkdepth_vars.c.obj          0       0         4      
       div0.asm.obj                 2       0         0      
    +--+----------------------------+-------+---------+---------+
       Total:                       820     0         308    
                                                             
    C:\ti\tirtos_tivac_2_16_00_08\products\bios_6_45_01_29\packages\ti\catalog\arm\cortexm4\tiva\ce\lib\Boot.aem4f
       Boot_sysctl.oem4f            628     452       0      
       Boot.oem4f                   152     0         0      
    +--+----------------------------+-------+---------+---------+
       Total:                       780     452       0      
                                                             
    C:\ti\tirtos_tivac_2_16_00_08\products\bios_6_45_01_29\packages\ti\targets\arm\rtsarm\lib\auto_init.aem4f
       auto_init.oem4f              160     0         0      
    +--+----------------------------+-------+---------+---------+
       Total:                       160     0         0      
                                                             
    C:\ti\tirtos_tivac_2_16_00_08\products\bios_6_45_01_29\packages\ti\targets\arm\rtsarm\lib\boot.aem4f
       boot.oem4f                   88      0         0      
    +--+----------------------------+-------+---------+---------+
       Total:                       88      0         0      
                                                             
    C:\ti\tirtos_tivac_2_16_00_08\products\bios_6_45_01_29\packages\ti\targets\arm\rtsarm\lib\ti.targets.arm.rtsarm.aem4f
       System.oem4f                 1255    0         0      
       Text.oem4f                   672     0         0      
       Error.oem4f                  524     0         0      
       Core-mem.oem4f               358     0         0      
       Startup.oem4f                328     0         0      
       SysMin.oem4f                 248     0         0      
       Core-smem.oem4f              204     0         0      
       Memory.oem4f                 176     0         0      
       Assert.oem4f                 84      0         0      
       Core-params.oem4f            70      0         0      
       Core-label.oem4f             52      0         0      
       Registry.oem4f               32      0         0      
       Gate.oem4f                   28      0         0      
    +--+----------------------------+-------+---------+---------+
       Total:                       4031    0         0      
                                                             
    C:\workspaceCCSv8\Edu\src\sysbios\sysbios.aem4f
       BIOS.obj                     11978   0         0      
       m3_Hwi_asm.obj               314     0         0      
       m3_TaskSupport_asm.obj       180     0         0      
       m3_Hwi_asm_switch.obj        118     0         0      
    +--+----------------------------+-------+---------+---------+
       Total:                       12590   0         0      
                                                             
       Stack:                       0       0         768    
       Linker Generated:            0       528       0      
    +--+----------------------------+-------+---------+---------+
       Grand Total:                 25613   9246      6922   


LINKER GENERATED COPY TABLES

__TI_cinit_table @ 000088a8 records: 3, size/record: 8, table size: 24
	.data: load addr=000086b0, load size=000001dc bytes, run addr=20001484, run size=00000442 bytes, compression=lzss
	.bss: load addr=00008898, load size=00000008 bytes, run addr=20000400, run size=00001084 bytes, compression=zero_init
	.vecs: load addr=000088a0, load size=00000008 bytes, run addr=20000000, run size=00000360 bytes, compression=zero_init


LINKER GENERATED HANDLER TABLE

__TI_handler_table @ 0000888c records: 3, size/record: 4, table size: 12
	index: 0, handler: __TI_decompress_lzss
	index: 1, handler: __TI_decompress_none
	index: 2, handler: __TI_zero_init


GLOBAL SYMBOLS: SORTED ALPHABETICALLY BY Name 

address   name                                                                 
-------   ----                                                                 
000063f9  ADCIntClear                                                          
00005709  ADCIntStatus                                                         
00005e9d  ADCProcessorTrigger                                                  
00004fa9  ADCSequenceConfigure                                                 
00005c39  ADCSequenceDataGet                                                   
00006291  ADCSequenceEnable                                                    
00003b59  ADCSequenceStepConfigure                                             
0000401d  Buzzer_init                                                          
00000cfd  C$$EXIT                                                              
000051fb  C$$IO$$                                                              
0000393d  EK_TM4C1294XL_initDMA                                                
00006449  EK_TM4C1294XL_initGPIO                                               
00002e7d  EK_TM4C1294XL_initGeneral                                            
00005869  EK_TM4C1294XL_initPWM                                                
00004a11  EK_TM4C1294XL_initSPI                                                
00004081  Edu_initADC                                                          
00005815  GPIODirModeSet                                                       
00004f63  GPIOIntClear                                                         
0000629f  GPIOIntStatus                                                        
00004731  GPIOIntTypeSet                                                       
00002295  GPIOPadConfigSet                                                     
00004b95  GPIOPinConfigure                                                     
000060c5  GPIOPinTypeADC                                                       
000060d7  GPIOPinTypePWM                                                       
000060e9  GPIOPinTypeSSI                                                       
00006143  GPIOPinWrite                                                         
00008474  GPIOTiva_config                                                      
000040e5  GPIO_hwiIntFxn                                                       
00003825  GPIO_init                                                            
00004831  GPIO_setCallback                                                     
00001d85  GPIO_setConfig                                                       
00004629  HOSTwrite                                                            
00005cb1  Init_Edu                                                             
00006035  PWMClockSet                                                          
00005a4d  PWMGenConfigure                                                      
000062df  PWMGenDisable                                                        
000062eb  PWMGenEnable                                                         
000060fb  PWMGenPeriodGet                                                      
0000617d  PWMGenPeriodSet                                                      
0000610d  PWMOutputInvert                                                      
0000611f  PWMOutputState                                                       
00005c57  PWMPulseWidthSet                                                     
000082fa  PWMTiva_MAX_MATCH_VALUE                                              
000082f8  PWMTiva_MAX_PRESCALAR                                                
00003ee5  PWMTiva_close                                                        
000039c5  PWMTiva_control                                                      
000082dc  PWMTiva_fxnTable                                                     
00005a6f  PWMTiva_getPeriodCounts                                              
00005c75  PWMTiva_getPeriodMicroSecs                                           
00005495  PWMTiva_init                                                         
00001aad  PWMTiva_open                                                         
000028c1  PWMTiva_setDuty                                                      
0000618d  PWM_Params_init                                                      
000083fc  PWM_config                                                           
000084ac  PWM_defaultParams                                                    
0000515d  PWM_init                                                             
000054c5  PWM_open                                                             
UNDEFED   SHT$$INIT_ARRAY$$Base                                                
UNDEFED   SHT$$INIT_ARRAY$$Limit                                               
00004fe7  SPITivaDMA_close                                                     
000062bb  SPITivaDMA_control                                                   
00008018  SPITivaDMA_fxnTable                                                  
00004cff  SPITivaDMA_hwiFxn                                                    
00006403  SPITivaDMA_init                                                      
00002a9d  SPITivaDMA_open                                                      
0000365f  SPITivaDMA_serviceISR                                                
00004275  SPITivaDMA_transfer                                                  
00004ee1  SPITivaDMA_transferCancel                                            
00008414  SPI_config                                                           
00005195  SPI_init                                                             
00005023  SSIConfigSetExpClk                                                   
0000640d  SSIDMADisable                                                        
00006451  SSIDMAEnable                                                         
00006131  SSIDataGetNonBlocking                                                
00006417  SSIDisable                                                           
00006421  SSIEnable                                                            
000007bd  SSIIntClear                                                          
0000642b  SSIIntDisable                                                        
00006459  SSIIntEnable                                                         
00006049  SysCtlPWMClockSet                                                    
000052e9  SysCtlPeripheralEnable                                               
00004881  SysCtlPeripheralReset                                                
00000000  __ASM__                                                              
20001200  __CIOBUF_                                                            
[...]
00006459  SSIIntEnable                                                         
00006461  ti_sysbios_family_arm_lm4_Timer_masterDisable__I                     
00006469  ti_sysbios_family_arm_m3_Hwi_doSwiRestore__I                         
00006471  ti_sysbios_family_arm_m3_Hwi_startup__E                              
00006471  ti_sysbios_hal_Hwi_HwiProxy_startup__E                               
00006471  ti_sysbios_hal_Hwi_startup__E                                        
00006481  ti_sysbios_family_arm_m3_Hwi_doTaskRestore__I                        
00006489  ti_sysbios_family_arm_m3_Hwi_restoreFxn__E                           
00006489  ti_sysbios_hal_Hwi_HwiProxy_restore__E                               
00006491  ti_sysbios_gates_GateHwi_leave__E                                    
00006499  ti_sysbios_heaps_HeapMem_isBlocking__E                               
000064a1  ti_sysbios_knl_Queue_Instance_init__E                                
000064a9  ti_sysbios_knl_Swi_startup__E                                        
000064af  xdc_runtime_System_Module_startup__E                                 
000064b9  ti_sysbios_gates_GateHwi_query__E                                    
000064b9  xdc_runtime_Main_Module_GateProxy_query__E                           
000064b9  xdc_runtime_System_Module_GateProxy_query__E                         
000064c1  ti_sysbios_BIOS_RtsGateProxy_query__E                                
000064c1  ti_sysbios_gates_GateMutex_query__E                                  
000064c1  ti_sysbios_heaps_HeapMem_Module_GateProxy_query__E                   
000064c9  ti_sysbios_knl_Task_startup__E                                       
000064d1  ti_sysbios_gates_GateHwi_Instance_init__E                            
000064d9  ti_sysbios_knl_Clock_logTick__E                                      
000064dc  xdc_runtime_Text_charTab__A                                          
00007d3d  xdc_runtime_Error_policy__C                                          
00007d3e  ti_catalog_arm_cortexm4_tiva_ce_Boot_Module__id__C                   
00007e60  xdc_runtime_Text_nodeTab__A                                          
00008018  SPITivaDMA_fxnTable                                                  
00008160  ti_sysbios_knl_Task_Object__PARAMS__C                                
000081cc  ti_sysbios_family_arm_m3_Hwi_Object__PARAMS__C                       
000081fc  spiTivaDMAHWAttrs                                                    
00008224  ti_sysbios_heaps_HeapMem_Module__FXNS__C                             
0000824c  ti_sysbios_gates_GateHwi_Module__FXNS__C                             
00008270  ti_sysbios_gates_GateMutex_Module__FXNS__C                           
00008294  ti_sysbios_heaps_HeapMem_Object__PARAMS__C                           
000082b8  ti_sysbios_knl_Semaphore_Object__PARAMS__C                           
000082dc  PWMTiva_fxnTable                                                     
000082f8  PWMTiva_MAX_PRESCALAR                                                
000082fa  PWMTiva_MAX_MATCH_VALUE                                              
000082fc  ti_sysbios_family_arm_m3_Hwi_Object__DESC__C                         
0000831c  ti_sysbios_gates_GateHwi_Object__DESC__C                             
0000833c  ti_sysbios_gates_GateMutex_Object__DESC__C                           
0000835c  ti_sysbios_heaps_HeapMem_Object__DESC__C                             
0000837c  ti_sysbios_knl_Queue_Object__DESC__C                                 
0000839c  ti_sysbios_knl_Semaphore_Object__DESC__C                             
000083bc  ti_sysbios_knl_Task_Object__DESC__C                                  
000083dc  xdc_runtime_Startup_sfxnTab__A                                       
000083fc  PWM_config                                                           
00008414  SPI_config                                                           
0000842c  ti_sysbios_gates_GateHwi_Object__PARAMS__C                           
00008444  ti_sysbios_gates_GateMutex_Object__PARAMS__C                         
0000845c  ti_sysbios_knl_Queue_Object__PARAMS__C                               
00008474  GPIOTiva_config                                                      
00008488  xdc_runtime_Startup_firstFxns__A                                     
0000849c  xdc_runtime_Startup_sfxnRts__A                                       
000084ac  PWM_defaultParams                                                    
000084b8  pwmTivaHWAttrs                                                       
000084cc  ti_sysbios_family_arm_m3_Hwi_excHookFuncs__A                         
000084d4  ti_sysbios_knl_Idle_funcList__C                                      
000084dc  xdc_runtime_Startup_firstFxns__C                                     
000084e4  xdc_runtime_Startup_lastFxns__C                                      
000084ec  ti_catalog_arm_cortexm4_tiva_ce_Boot_A_mustNotUseEnhancedClockMode__C
000084f0  ti_catalog_arm_cortexm4_tiva_ce_Boot_Module__diagsEnabled__C         
000084f4  ti_catalog_arm_cortexm4_tiva_ce_Boot_Module__diagsIncluded__C        
000084f8  ti_catalog_arm_cortexm4_tiva_ce_Boot_Module__diagsMask__C            
000084fc  ti_sysbios_family_arm_lm4_Timer_enableFunc__C                        
00008500  ti_sysbios_family_arm_lm4_Timer_numTimerDevices__C                   
00008504  ti_sysbios_family_arm_lm4_Timer_startupNeeded__C                     
00008508  ti_sysbios_family_arm_m3_Hwi_E_NMI__C                                
0000850c  ti_sysbios_family_arm_m3_Hwi_E_alreadyDefined__C                     
00008510  ti_sysbios_family_arm_m3_Hwi_E_busFault__C                           
00008514  ti_sysbios_family_arm_m3_Hwi_E_debugMon__C                           
00008518  ti_sysbios_family_arm_m3_Hwi_E_hardFault__C                          
0000851c  ti_sysbios_family_arm_m3_Hwi_E_memFault__C                           
00008520  ti_sysbios_family_arm_m3_Hwi_E_noIsr__C                              
00008524  ti_sysbios_family_arm_m3_Hwi_E_reserved__C                           
00008528  ti_sysbios_family_arm_m3_Hwi_E_svCall__C                             
0000852c  ti_sysbios_family_arm_m3_Hwi_E_usageFault__C                         
00008530  ti_sysbios_family_arm_m3_Hwi_NUM_INTERRUPTS__C                       
00008534  ti_sysbios_family_arm_m3_Hwi_Object__count__C                        
00008538  ti_sysbios_family_arm_m3_Hwi_ccr__C                                  
0000853c  ti_sysbios_family_arm_m3_Hwi_excHandlerFunc__C                       
00008540  ti_sysbios_family_arm_m3_Hwi_excHookFuncs__C                         
00008544  ti_sysbios_family_arm_m3_Hwi_nullIsrFunc__C                          
00008548  ti_sysbios_family_arm_m3_Hwi_priGroup__C                             
0000854c  ti_sysbios_family_arm_m3_TaskSupport_stackAlignment__C               
00008550  ti_sysbios_gates_GateMutex_A_badContext__C                           
00008554  ti_sysbios_gates_GateMutex_Instance_State_sem__O                     
00008558  ti_sysbios_gates_GateMutex_Module__diagsEnabled__C                   
0000855c  ti_sysbios_gates_GateMutex_Module__diagsIncluded__C                  
00008560  ti_sysbios_gates_GateMutex_Module__diagsMask__C                      
00008564  ti_sysbios_hal_Hwi_E_stackOverflow__C                                
00008568  ti_sysbios_heaps_HeapMem_A_align__C                                  
0000856c  ti_sysbios_heaps_HeapMem_A_heapSize__C                               
00008570  ti_sysbios_heaps_HeapMem_A_invalidFree__C                            
00008574  ti_sysbios_heaps_HeapMem_A_zeroBlock__C                              
00008578  ti_sysbios_heaps_HeapMem_E_memory__C                                 
0000857c  ti_sysbios_heaps_HeapMem_Module__diagsEnabled__C                     
00008580  ti_sysbios_heaps_HeapMem_Module__diagsIncluded__C                    
00008584  ti_sysbios_heaps_HeapMem_Module__diagsMask__C                        
00008588  ti_sysbios_heaps_HeapMem_Module__gateObj__C                          
0000858c  ti_sysbios_heaps_HeapMem_Object__count__C                            
00008590  ti_sysbios_heaps_HeapMem_reqAlign__C                                 
00008594  ti_sysbios_knl_Clock_Module_State_clockQ__O                          
00008598  ti_sysbios_knl_Idle_funcList__A                                      
0000859c  ti_sysbios_knl_Semaphore_A_badContext__C                             
000085a0  ti_sysbios_knl_Semaphore_A_noEvents__C                               
000085a4  ti_sysbios_knl_Semaphore_A_overflow__C                               
000085a8  ti_sysbios_knl_Semaphore_A_pendTaskDisabled__C                       
000085ac  ti_sysbios_knl_Semaphore_Instance_State_pendQ__O                     
000085b0  ti_sysbios_knl_Semaphore_Module__diagsEnabled__C                     
000085b4  ti_sysbios_knl_Semaphore_Module__diagsIncluded__C                    
000085b8  ti_sysbios_knl_Semaphore_Module__diagsMask__C                        
000085bc  ti_sysbios_knl_Swi_Object__count__C                                  
000085c0  ti_sysbios_knl_Task_A_badPriority__C                                 
000085c4  ti_sysbios_knl_Task_A_badTaskState__C                                
000085c8  ti_sysbios_knl_Task_A_badThreadType__C                               
000085cc  ti_sysbios_knl_Task_A_badTimeout__C                                  
000085d0  ti_sysbios_knl_Task_A_noPendElem__C                                  
000085d4  ti_sysbios_knl_Task_A_sleepTaskDisabled__C                           
000085d8  ti_sysbios_knl_Task_E_spOutOfBounds__C                               
000085dc  ti_sysbios_knl_Task_E_stackOverflow__C                               
000085e0  ti_sysbios_knl_Task_Module_State_inactiveQ__O                        
000085e4  ti_sysbios_knl_Task_Module__diagsEnabled__C                          
000085e8  ti_sysbios_knl_Task_Module__diagsIncluded__C                         
000085ec  ti_sysbios_knl_Task_Module__diagsMask__C                             
000085f0  ti_sysbios_knl_Task_Object__count__C                                 
000085f4  ti_sysbios_knl_Task_allBlockedFunc__C                                
000085f8  ti_sysbios_knl_Task_defaultStackHeap__C                              
000085fc  ti_sysbios_knl_Task_defaultStackSize__C                              
00008600  ti_sysbios_knl_Task_numConstructedTasks__C                           
00008604  xdc_runtime_Assert_E_assertFailed__C                                 
00008608  xdc_runtime_Core_A_initializedParams__C                              
0000860c  xdc_runtime_Core_Module__diagsEnabled__C                             
00008610  xdc_runtime_Core_Module__diagsIncluded__C                            
00008614  xdc_runtime_Core_Module__diagsMask__C                                
00008618  xdc_runtime_Error_E_memory__C                                        
0000861c  xdc_runtime_Error_Module__diagsEnabled__C                            
00008620  xdc_runtime_Error_Module__diagsIncluded__C                           
00008624  xdc_runtime_Error_Module__diagsMask__C                               
00008628  xdc_runtime_Error_Module__loggerFxn8__C                              
0000862c  xdc_runtime_Error_Module__loggerObj__C                               
00008630  xdc_runtime_Error_policyFxn__C                                       
00008634  xdc_runtime_Error_raiseHook__C                                       
00008638  xdc_runtime_IGateProvider_Interface__BASE__C                         
0000863c  xdc_runtime_IHeap_Interface__BASE__C                                 
00008640  xdc_runtime_IModule_Interface__BASE__C                               
00008644  xdc_runtime_Log_L_error__C                                           
00008648  xdc_runtime_Memory_defaultHeapInstance__C                            
0000864c  xdc_runtime_Startup_execImpl__C                                      
00008650  xdc_runtime_Startup_maxPasses__C                                     
00008654  xdc_runtime_Startup_sfxnRts__C                                       
00008658  xdc_runtime_Startup_sfxnTab__C                                       
0000865c  xdc_runtime_SysMin_bufSize__C                                        
00008660  xdc_runtime_SysMin_outputFunc__C                                     
00008664  xdc_runtime_System_Module__gateObj__C                                
00008668  xdc_runtime_System_abortFxn__C                                       
0000866c  xdc_runtime_System_exitFxn__C                                        
00008670  xdc_runtime_System_extendFxn__C                                      
00008674  xdc_runtime_System_maxAtexitHandlers__C                              
00008678  xdc_runtime_Text_charTab__C                                          
0000867c  xdc_runtime_Text_nameEmpty__C                                        
00008680  xdc_runtime_Text_nameStatic__C                                       
00008684  xdc_runtime_Text_nameUnknown__C                                      
00008688  xdc_runtime_Text_nodeTab__C                                          
0000868c  xdc_runtime_Text_visitRopeFxn__C                                     
00008690  ti_sysbios_family_arm_m3_Hwi_Module__id__C                           
00008692  ti_sysbios_gates_GateMutex_Module__id__C                             
00008694  ti_sysbios_hal_Hwi_Module__id__C                                     
00008696  ti_sysbios_heaps_HeapMem_Module__id__C                               
00008698  ti_sysbios_knl_Semaphore_Module__id__C                               
0000869a  ti_sysbios_knl_Task_Module__id__C                                    
0000869c  xdc_runtime_Core_Module__id__C                                       
0000869e  xdc_runtime_Error_Module__loggerDefined__C                           
000086a0  xdc_runtime_Error_maxDepth__C                                        
000086a2  xdc_runtime_Memory_Module__id__C                                     
000086a4  xdc_runtime_SysMin_flushAtExit__C                                    
000086a6  xdc_runtime_Text_charCnt__C                                          
000086a8  xdc_runtime_Text_isLoaded__C                                         
000086aa  xdc_runtime_Text_registryModsLastId__C                               
000086ac  xdc_runtime_Text_unnamedModsLastId__C                                
000086b0  __TI_static_base__                                                   
0000888c  __TI_Handler_Table_Base                                              
00008898  __TI_Handler_Table_Limit                                             
000088a8  __TI_CINIT_Base                                                      
000088c0  __TI_CINIT_Limit                                                     
20000000  ti_sysbios_family_arm_m3_Hwi_ramVectors                              
20000400  ti_sysbios_heaps_HeapMem_Instance_State_0_buf__A                     
20000800  ti_sysbios_family_arm_m3_Hwi_dispatchTable                           
20000bf8  parmbuf                                                              
20000e00  ti_sysbios_knl_Task_Instance_State_0_stack__A                        
20001000  task0Stack                                                           
20001200  __CIOBUF_                                                            
20001320  xdc_runtime_SysMin_Module_State_0_outbuf__A                          
200013a0  task0Struct                                                          
200013f0  spiTivaDMAObjects                                                    
20001458  pwmTivaObjects                                                       
20001480  spiTivaDMAscratchBuf                                                 
20001484  ti_sysbios_knl_Swi_Module_State_0_readyQ__A                          
20001504  ti_sysbios_knl_Task_Module_State_0_readyQ__A                         
20001584  ti_sysbios_knl_Task_Object__table__V                                 
200015d0  ti_sysbios_knl_Task_Module__state__V                                 
20001614  ti_sysbios_family_arm_lm4_Timer_Module_State_0_device__A             
20001654  ti_sysbios_family_arm_lm4_Timer_Object__table__V                     
20001694  ti_sysbios_gates_GateMutex_Object__table__V                          
200016cc  ti_sysbios_family_arm_m3_Hwi_Module__state__V                        
20001700  ti_sysbios_knl_Swi_Object__table__V                                  
20001730  ti_sysbios_knl_Clock_Module__state__V                                
2000175c  ti_sysbios_BIOS_Module__state__V                                     
20001780  ti_sysbios_family_arm_lm4_Timer_Module_State_0_handles__A            
200017a0  ti_sysbios_knl_Swi_Module__state__V                                  
200017d4  gpioPinConfigs                                                       
200017ec  ti_sysbios_family_arm_m3_Hwi_Object__table__V                        
20001804  ti_sysbios_heaps_HeapMem_Object__table__V                            
2000181c  ti_sysbios_family_arm_lm4_Timer_Module__state__V                     
20001828  xdc_runtime_SysMin_Module__state__V                                  
20001834  _lock                                                                
20001838  _unlock                                                              
2000183c  gpioCallbackFunctions                                                
20001844  ti_sysbios_family_arm_m3_Hwi_Module__root__V                         
2000184c  ti_sysbios_gates_GateHwi_Module__root__V                             
20001854  ti_sysbios_gates_GateMutex_Module__root__V                           
2000185c  ti_sysbios_heaps_HeapMem_Module__root__V                             
20001864  ti_sysbios_knl_Queue_Module__root__V                                 
2000186c  ti_sysbios_knl_Semaphore_Module__root__V                             
20001874  ti_sysbios_knl_Task_Module__root__V                                  
2000187c  xdc_runtime_Registry_Module__state__V                                
20001884  xdc_runtime_Startup_Module__state__V                                 
2000188c  xdc_runtime_System_Module_State_0_atexitHandlers__A                  
20001894  xdc_runtime_System_Module__state__V                                  
200018a2  ti_sysbios_family_arm_m3_Hwi_Module_State_0_excActive__A             
200018ac  main_func_sp                                                         
200018b0  ti_sysbios_family_arm_m3_Hwi_Module_State_0_excContext__A            
200018b4  ti_sysbios_family_arm_m3_Hwi_Module_State_0_excStack__A              
200018b8  ti_sysbios_gates_GateHwi_Object__table__V                            
200018bc  ti_sysbios_knl_Task_Module_State_0_idleTask__A                       
200018c0  xdc_runtime_Memory_Module__state__V                                  
200018c4  xdc_runtime_Error_Module__state__V                                   
200018c8  __stack                                                              
20001bc8  __STACK_END                                                          
e000e000  ti_sysbios_family_arm_m3_Hwi_nvic                                    
ffffffff  __TI_pprof_out_hndl                                                  
ffffffff  __TI_prof_data_size                                                  
ffffffff  __TI_prof_data_start                                                 
ffffffff  __binit__                                                            
ffffffff  __c_args__                                                           
ffffffff  binit                                                                
UNDEFED   SHT$$INIT_ARRAY$$Base                                                
UNDEFED   SHT$$INIT_ARRAY$$Limit                                               

[624 symbols]
